Archive member included because of file (symbol)

C:/Program Files/Freescale/CW MCU v10.5/MCU/ARM_GCC_Support/ewl/lib/armv6-m\libc.a(exit.o)
                              ./Project_Settings/Startup_Code/__arm_start.o (exit)
C:/Program Files/Freescale/CW MCU v10.5/MCU/ARM_GCC_Support/ewl/lib/armv6-m\libc.a(memcpy.o)
                              ./Generated_Code/usb_framework.o (memcpy)
C:/Program Files/Freescale/CW MCU v10.5/MCU/ARM_GCC_Support/ewl/lib/armv6-m\libc.a(memset.o)
                              ./Generated_Code/usb_dci_kinetis.o (memset)
C:/Program Files/Freescale/CW MCU v10.5/MCU/ARM_GCC_Support/ewl/lib/armv6-m\libc.a(__filll_mem.o)
                              C:/Program Files/Freescale/CW MCU v10.5/MCU/ARM_GCC_Support/ewl/lib/armv6-m\libc.a(memset.o) (__fill_mem)
c:/program files/freescale/cw mcu v10.5/cross_tools/arm-none-eabi-gcc-4_7_3/bin/../lib/gcc/arm-none-eabi/4.7.3/armv6-m\libgcc.a(_udivsi3.o)
                              ./Generated_Code/usb_dci_kinetis.o (__aeabi_uidivmod)
c:/program files/freescale/cw mcu v10.5/cross_tools/arm-none-eabi-gcc-4_7_3/bin/../lib/gcc/arm-none-eabi/4.7.3/armv6-m\libgcc.a(_dvmd_tls.o)
                              c:/program files/freescale/cw mcu v10.5/cross_tools/arm-none-eabi-gcc-4_7_3/bin/../lib/gcc/arm-none-eabi/4.7.3/armv6-m\libgcc.a(_udivsi3.o) (__aeabi_idiv0)
C:/Program Files/Freescale/CW MCU v10.5/MCU/ARM_GCC_Support/ewl/lib/armv6-m\librt.a(gcc_ctor_dtor.o)
                              ./Project_Settings/Startup_Code/__arm_start.o (__init_cpp)
C:/Program Files/Freescale/CW MCU v10.5/MCU/ARM_GCC_Support/ewl/lib/armv6-m\librt.a(ROMCopy.o)
                              ./Project_Settings/Startup_Code/__arm_start.o (__copy_rom_sections_to_ram)
C:/Program Files/Freescale/CW MCU v10.5/MCU/ARM_GCC_Support/ewl/lib/armv6-m\librt.a(__arm_eabi_init.o)
                              C:/Program Files/Freescale/CW MCU v10.5/MCU/ARM_GCC_Support/ewl/lib/armv6-m\libc.a(exit.o) (__destroy_global_chain)

Allocating common symbols
Common symbol       size              file

ADDR1               0x1               ./Sources/NORway.o
SR_reg              0x1               ./Generated_Code/Cpu.o
ADDR3               0x1               ./Sources/NORway.o
g_Mem               0x400             ./Generated_Code/usb_dci_kinetis.o
ADDR2               0x1               ./Sources/NORway.o

Discarded input sections

 .text          0x00000000        0x0 ./Generated_Code/wdt_kinetis.o
 .data          0x00000000        0x0 ./Generated_Code/wdt_kinetis.o
 .bss           0x00000000        0x0 ./Generated_Code/wdt_kinetis.o
 .text          0x00000000        0x0 ./Generated_Code/usb_framework.o
 .data          0x00000000        0x0 ./Generated_Code/usb_framework.o
 .bss           0x00000000        0x0 ./Generated_Code/usb_framework.o
 .text.USB_Framework_DeInit
                0x00000000       0x40 ./Generated_Code/usb_framework.o
 .text.USB_Framework_Reset
                0x00000000       0x18 ./Generated_Code/usb_framework.o
 .text          0x00000000        0x0 ./Generated_Code/usb_driver.o
 .data          0x00000000        0x0 ./Generated_Code/usb_driver.o
 .bss           0x00000000        0x0 ./Generated_Code/usb_driver.o
 .text._usb_device_deinit
                0x00000000       0x1c ./Generated_Code/usb_driver.o
 .text._usb_device_unregister_service
                0x00000000       0x48 ./Generated_Code/usb_driver.o
 .text          0x00000000        0x0 ./Generated_Code/usb_descriptor.o
 .data          0x00000000        0x0 ./Generated_Code/usb_descriptor.o
 .bss           0x00000000        0x0 ./Generated_Code/usb_descriptor.o
 .text.USB_Desc_Valid_Interface
                0x00000000       0x58 ./Generated_Code/usb_descriptor.o
 .text          0x00000000        0x0 ./Generated_Code/usb_dci_kinetis.o
 .data          0x00000000        0x0 ./Generated_Code/usb_dci_kinetis.o
 .bss           0x00000000        0x0 ./Generated_Code/usb_dci_kinetis.o
 .text.USB_DCI_DeInit
                0x00000000       0x68 ./Generated_Code/usb_dci_kinetis.o
 .text._usb_device_read_setup_data
                0x00000000       0x98 ./Generated_Code/usb_dci_kinetis.o
 .text._usb_device_get_transfer_status
                0x00000000       0xd8 ./Generated_Code/usb_dci_kinetis.o
 .text._usb_device_shutdown
                0x00000000       0x38 ./Generated_Code/usb_dci_kinetis.o
 .text          0x00000000        0x0 ./Generated_Code/usb_class.o
 .data          0x00000000        0x0 ./Generated_Code/usb_class.o
 .bss           0x00000000        0x0 ./Generated_Code/usb_class.o
 .text.USB_Class_DeInit
                0x00000000       0xf0 ./Generated_Code/usb_class.o
 .text          0x00000000        0x0 ./Generated_Code/usb_cdc_pstn.o
 .data          0x00000000        0x0 ./Generated_Code/usb_cdc_pstn.o
 .bss           0x00000000        0x0 ./Generated_Code/usb_cdc_pstn.o
 .text          0x00000000        0x0 ./Generated_Code/usb_cdc.o
 .data          0x00000000        0x0 ./Generated_Code/usb_cdc.o
 .bss           0x00000000        0x0 ./Generated_Code/usb_cdc.o
 .text.USB_Class_CDC_DeInit
                0x00000000       0x60 ./Generated_Code/usb_cdc.o
 .text          0x00000000        0x0 ./Generated_Code/Vectors.o
 .data          0x00000000        0x0 ./Generated_Code/Vectors.o
 .bss           0x00000000        0x0 ./Generated_Code/Vectors.o
 .text          0x00000000        0x0 ./Generated_Code/USB1.o
 .data          0x00000000        0x0 ./Generated_Code/USB1.o
 .bss           0x00000000        0x0 ./Generated_Code/USB1.o
 .text.USB1_usb_int_dis
                0x00000000        0x8 ./Generated_Code/USB1.o
 .text          0x00000000        0x0 ./Generated_Code/USB0.o
 .data          0x00000000        0x0 ./Generated_Code/USB0.o
 .bss           0x00000000        0x0 ./Generated_Code/USB0.o
 .text          0x00000000        0x0 ./Generated_Code/Tx1.o
 .data          0x00000000        0x0 ./Generated_Code/Tx1.o
 .bss           0x00000000        0x0 ./Generated_Code/Tx1.o
 .text.Tx1_NofFreeElements
                0x00000000       0x18 ./Generated_Code/Tx1.o
 .text          0x00000000        0x0 ./Generated_Code/Rx1.o
 .data          0x00000000        0x0 ./Generated_Code/Rx1.o
 .bss           0x00000000        0x0 ./Generated_Code/Rx1.o
 .text.Rx1_NofElements
                0x00000000       0x14 ./Generated_Code/Rx1.o
 .text.Rx1_NofFreeElements
                0x00000000       0x18 ./Generated_Code/Rx1.o
 .text          0x00000000        0x0 ./Generated_Code/PE_LDD.o
 .data          0x00000000        0x0 ./Generated_Code/PE_LDD.o
 .bss           0x00000000        0x0 ./Generated_Code/PE_LDD.o
 .rodata.PE_CpuClockConfigurations
                0x00000000       0x28 ./Generated_Code/PE_LDD.o
 .text.PE_FillMemory
                0x00000000       0x28 ./Generated_Code/PE_LDD.o
 .text.PE_PeripheralUsed
                0x00000000       0x14 ./Generated_Code/PE_LDD.o
 .text.LDD_SetClockConfiguration
                0x00000000       0x14 ./Generated_Code/PE_LDD.o
 .debug_info    0x00000000      0x218 ./Generated_Code/PE_LDD.o
 .debug_abbrev  0x00000000       0xe8 ./Generated_Code/PE_LDD.o
 .debug_loc     0x00000000       0x9c ./Generated_Code/PE_LDD.o
 .debug_aranges
                0x00000000       0x30 ./Generated_Code/PE_LDD.o
 .debug_macinfo
                0x00000000    0x2e188 ./Generated_Code/PE_LDD.o
 .debug_line    0x00000000      0x28b ./Generated_Code/PE_LDD.o
 .debug_str     0x00000000      0x2ac ./Generated_Code/PE_LDD.o
 .comment       0x00000000       0x7a ./Generated_Code/PE_LDD.o
 .ARM.attributes
                0x00000000       0x31 ./Generated_Code/PE_LDD.o
 .debug_frame   0x00000000       0x6c ./Generated_Code/PE_LDD.o
 .text          0x00000000        0x0 ./Generated_Code/Cpu.o
 .data          0x00000000        0x0 ./Generated_Code/Cpu.o
 .bss           0x00000000        0x0 ./Generated_Code/Cpu.o
 .text          0x00000000        0x0 ./Generated_Code/CDC1.o
 .data          0x00000000        0x0 ./Generated_Code/CDC1.o
 .bss           0x00000000        0x0 ./Generated_Code/CDC1.o
 .text.CDC1_SendString
                0x00000000       0x48 ./Generated_Code/CDC1.o
 .text.CDC1_PutBufferChecked
                0x00000000       0x68 ./Generated_Code/CDC1.o
 .text          0x00000000        0x0 ./Project_Settings/Startup_Code/__arm_start.o
 .data          0x00000000        0x0 ./Project_Settings/Startup_Code/__arm_start.o
 .bss           0x00000000        0x0 ./Project_Settings/Startup_Code/__arm_start.o
 .text.__iar_program_start
                0x00000000        0x4 ./Project_Settings/Startup_Code/__arm_start.o
 .text          0x00000000        0x0 ./Project_Settings/Startup_Code/__arm_end.o
 .data          0x00000000        0x0 ./Project_Settings/Startup_Code/__arm_end.o
 .bss           0x00000000        0x0 ./Project_Settings/Startup_Code/__arm_end.o
 .text          0x00000000        0x0 ./Sources/sa_mtb.o
 .data          0x00000000        0x0 ./Sources/sa_mtb.o
 .bss           0x00000000        0x0 ./Sources/sa_mtb.o
 .debug_info    0x00000000       0x21 ./Sources/sa_mtb.o
 .debug_abbrev  0x00000000       0x12 ./Sources/sa_mtb.o
 .debug_aranges
                0x00000000       0x18 ./Sources/sa_mtb.o
 .debug_macinfo
                0x00000000     0x24d8 ./Sources/sa_mtb.o
 .debug_line    0x00000000       0xb8 ./Sources/sa_mtb.o
 .debug_str     0x00000000       0x94 ./Sources/sa_mtb.o
 .comment       0x00000000       0x7a ./Sources/sa_mtb.o
 .ARM.attributes
                0x00000000       0x31 ./Sources/sa_mtb.o
 .text          0x00000000        0x0 ./Sources/ProcessorExpert.o
 .data          0x00000000        0x0 ./Sources/ProcessorExpert.o
 .bss           0x00000000        0x0 ./Sources/ProcessorExpert.o
 .text.CDC_Run  0x00000000        0x8 ./Sources/ProcessorExpert.o
 .text          0x00000000        0x0 ./Sources/NORway.o
 .data          0x00000000        0x0 ./Sources/NORway.o
 .bss           0x00000000        0x0 ./Sources/NORway.o
 .bss.in_buffer
                0x00000000       0x40 ./Sources/NORway.o
 .text.serial_write
                0x00000000       0x34 ./Sources/NORway.o
 .text.speedtest_receive
                0x00000000       0xa4 ./Sources/NORway.o
 .text.speedtest_send
                0x00000000       0x98 ./Sources/NORway.o
 .text.test_input
                0x00000000       0xa0 ./Sources/NORway.o
 .text          0x00000000        0x0 ./Sources/Events.o
 .data          0x00000000        0x0 ./Sources/Events.o
 .bss           0x00000000        0x0 ./Sources/Events.o
 .text          0x00000000        0x0 C:/Program Files/Freescale/CW MCU v10.5/MCU/ARM_GCC_Support/ewl/lib/armv6-m\libc.a(exit.o)
 .data          0x00000000        0x0 C:/Program Files/Freescale/CW MCU v10.5/MCU/ARM_GCC_Support/ewl/lib/armv6-m\libc.a(exit.o)
 .bss           0x00000000        0x0 C:/Program Files/Freescale/CW MCU v10.5/MCU/ARM_GCC_Support/ewl/lib/armv6-m\libc.a(exit.o)
 .text          0x00000000        0x0 C:/Program Files/Freescale/CW MCU v10.5/MCU/ARM_GCC_Support/ewl/lib/armv6-m\libc.a(memcpy.o)
 .data          0x00000000        0x0 C:/Program Files/Freescale/CW MCU v10.5/MCU/ARM_GCC_Support/ewl/lib/armv6-m\libc.a(memcpy.o)
 .bss           0x00000000        0x0 C:/Program Files/Freescale/CW MCU v10.5/MCU/ARM_GCC_Support/ewl/lib/armv6-m\libc.a(memcpy.o)
 .text          0x00000000        0x0 C:/Program Files/Freescale/CW MCU v10.5/MCU/ARM_GCC_Support/ewl/lib/armv6-m\libc.a(memset.o)
 .data          0x00000000        0x0 C:/Program Files/Freescale/CW MCU v10.5/MCU/ARM_GCC_Support/ewl/lib/armv6-m\libc.a(memset.o)
 .bss           0x00000000        0x0 C:/Program Files/Freescale/CW MCU v10.5/MCU/ARM_GCC_Support/ewl/lib/armv6-m\libc.a(memset.o)
 .text          0x00000000        0x0 C:/Program Files/Freescale/CW MCU v10.5/MCU/ARM_GCC_Support/ewl/lib/armv6-m\libc.a(__filll_mem.o)
 .data          0x00000000        0x0 C:/Program Files/Freescale/CW MCU v10.5/MCU/ARM_GCC_Support/ewl/lib/armv6-m\libc.a(__filll_mem.o)
 .bss           0x00000000        0x0 C:/Program Files/Freescale/CW MCU v10.5/MCU/ARM_GCC_Support/ewl/lib/armv6-m\libc.a(__filll_mem.o)
 .data          0x00000000        0x0 c:/program files/freescale/cw mcu v10.5/cross_tools/arm-none-eabi-gcc-4_7_3/bin/../lib/gcc/arm-none-eabi/4.7.3/armv6-m\libgcc.a(_udivsi3.o)
 .bss           0x00000000        0x0 c:/program files/freescale/cw mcu v10.5/cross_tools/arm-none-eabi-gcc-4_7_3/bin/../lib/gcc/arm-none-eabi/4.7.3/armv6-m\libgcc.a(_udivsi3.o)
 .data          0x00000000        0x0 c:/program files/freescale/cw mcu v10.5/cross_tools/arm-none-eabi-gcc-4_7_3/bin/../lib/gcc/arm-none-eabi/4.7.3/armv6-m\libgcc.a(_dvmd_tls.o)
 .bss           0x00000000        0x0 c:/program files/freescale/cw mcu v10.5/cross_tools/arm-none-eabi-gcc-4_7_3/bin/../lib/gcc/arm-none-eabi/4.7.3/armv6-m\libgcc.a(_dvmd_tls.o)
 .text          0x00000000        0x0 C:/Program Files/Freescale/CW MCU v10.5/MCU/ARM_GCC_Support/ewl/lib/armv6-m\librt.a(gcc_ctor_dtor.o)
 .data          0x00000000        0x0 C:/Program Files/Freescale/CW MCU v10.5/MCU/ARM_GCC_Support/ewl/lib/armv6-m\librt.a(gcc_ctor_dtor.o)
 .bss           0x00000000        0x0 C:/Program Files/Freescale/CW MCU v10.5/MCU/ARM_GCC_Support/ewl/lib/armv6-m\librt.a(gcc_ctor_dtor.o)
 .bss.__dso_handle
                0x00000000        0x4 C:/Program Files/Freescale/CW MCU v10.5/MCU/ARM_GCC_Support/ewl/lib/armv6-m\librt.a(gcc_ctor_dtor.o)
 .text          0x00000000        0x0 C:/Program Files/Freescale/CW MCU v10.5/MCU/ARM_GCC_Support/ewl/lib/armv6-m\librt.a(ROMCopy.o)
 .data          0x00000000        0x0 C:/Program Files/Freescale/CW MCU v10.5/MCU/ARM_GCC_Support/ewl/lib/armv6-m\librt.a(ROMCopy.o)
 .bss           0x00000000        0x0 C:/Program Files/Freescale/CW MCU v10.5/MCU/ARM_GCC_Support/ewl/lib/armv6-m\librt.a(ROMCopy.o)
 .text.__flush_cache
                0x00000000        0x2 C:/Program Files/Freescale/CW MCU v10.5/MCU/ARM_GCC_Support/ewl/lib/armv6-m\librt.a(ROMCopy.o)
 .text          0x00000000        0x0 C:/Program Files/Freescale/CW MCU v10.5/MCU/ARM_GCC_Support/ewl/lib/armv6-m\librt.a(__arm_eabi_init.o)
 .data          0x00000000        0x0 C:/Program Files/Freescale/CW MCU v10.5/MCU/ARM_GCC_Support/ewl/lib/armv6-m\librt.a(__arm_eabi_init.o)
 .bss           0x00000000        0x0 C:/Program Files/Freescale/CW MCU v10.5/MCU/ARM_GCC_Support/ewl/lib/armv6-m\librt.a(__arm_eabi_init.o)
 .text.__register_global_object
                0x00000000       0x14 C:/Program Files/Freescale/CW MCU v10.5/MCU/ARM_GCC_Support/ewl/lib/armv6-m\librt.a(__arm_eabi_init.o)
 .text.__cxa_atexit
                0x00000000       0x38 C:/Program Files/Freescale/CW MCU v10.5/MCU/ARM_GCC_Support/ewl/lib/armv6-m\librt.a(__arm_eabi_init.o)
 .text.__aeabi_atexit
                0x00000000        0xe C:/Program Files/Freescale/CW MCU v10.5/MCU/ARM_GCC_Support/ewl/lib/armv6-m\librt.a(__arm_eabi_init.o)
 .text.__register_atexit
                0x00000000        0xc C:/Program Files/Freescale/CW MCU v10.5/MCU/ARM_GCC_Support/ewl/lib/armv6-m\librt.a(__arm_eabi_init.o)
 .text.__init_hardware
                0x00000000        0x4 C:/Program Files/Freescale/CW MCU v10.5/MCU/ARM_GCC_Support/ewl/lib/armv6-m\librt.a(__arm_eabi_init.o)
 .bss.atexit_curr_func
                0x00000000        0x4 C:/Program Files/Freescale/CW MCU v10.5/MCU/ARM_GCC_Support/ewl/lib/armv6-m\librt.a(__arm_eabi_init.o)
 .bss.atexit_funcs
                0x00000000      0x300 C:/Program Files/Freescale/CW MCU v10.5/MCU/ARM_GCC_Support/ewl/lib/armv6-m\librt.a(__arm_eabi_init.o)

Memory Configuration

Name             Origin             Length             Attributes
m_interrupts     0x00000000         0x000000c0         xr
m_text           0x00000410         0x0001fbf0         xr
m_data           0x1ffff000         0x00004000         rw
m_cfmprotrom     0x00000400         0x00000010         xr
*default*        0x00000000         0xffffffff

Linker script and memory map

LOAD ./Generated_Code/wdt_kinetis.o
LOAD ./Generated_Code/usb_framework.o
LOAD ./Generated_Code/usb_driver.o
LOAD ./Generated_Code/usb_descriptor.o
LOAD ./Generated_Code/usb_dci_kinetis.o
LOAD ./Generated_Code/usb_class.o
LOAD ./Generated_Code/usb_cdc_pstn.o
LOAD ./Generated_Code/usb_cdc.o
LOAD ./Generated_Code/Vectors.o
LOAD ./Generated_Code/USB1.o
LOAD ./Generated_Code/USB0.o
LOAD ./Generated_Code/Tx1.o
LOAD ./Generated_Code/Rx1.o
LOAD ./Generated_Code/PE_LDD.o
LOAD ./Generated_Code/Cpu.o
LOAD ./Generated_Code/CDC1.o
LOAD ./Project_Settings/Startup_Code/__arm_start.o
LOAD ./Project_Settings/Startup_Code/__arm_end.o
LOAD ./Sources/sa_mtb.o
LOAD ./Sources/ProcessorExpert.o
LOAD ./Sources/NORway.o
LOAD ./Sources/Events.o
START GROUP
LOAD C:/Program Files/Freescale/CW MCU v10.5/MCU/ARM_GCC_Support/ewl/lib/armv6-m\libc.a
LOAD C:/Program Files/Freescale/CW MCU v10.5/MCU/ARM_GCC_Support/ewl/lib/armv6-m\libm.a
LOAD c:/program files/freescale/cw mcu v10.5/cross_tools/arm-none-eabi-gcc-4_7_3/bin/../lib/gcc/arm-none-eabi/4.7.3/armv6-m\libgcc.a
LOAD C:/Program Files/Freescale/CW MCU v10.5/MCU/ARM_GCC_Support/ewl/lib/armv6-m\librt.a
END GROUP
                0x20003000                _estack = 0x20003000
                0x20003000                __SP_INIT = _estack
                0x00000000                __heap_size = 0x0
                0x00000400                __stack_size = 0x400

.interrupts     0x00000000       0xc0
                0x00000000                __vector_table = .
                0x00000000                . = ALIGN (0x4)
 *(.vectortable)
 .vectortable   0x00000000       0xc0 ./Generated_Code/Vectors.o
                0x00000000                __vect_table
                0x000000c0                . = ALIGN (0x4)

.cfmprotect     0x00000400       0x10
                0x00000400                . = ALIGN (0x4)
 *(.cfmconfig)
 .cfmconfig     0x00000400       0x10 ./Generated_Code/Cpu.o
                0x00000400                _cfm
                0x00000410                . = ALIGN (0x4)

.text           0x00000410     0x71b8
                0x00000410                . = ALIGN (0x4)
 *(.text)
 .text          0x00000410       0x9c c:/program files/freescale/cw mcu v10.5/cross_tools/arm-none-eabi-gcc-4_7_3/bin/../lib/gcc/arm-none-eabi/4.7.3/armv6-m\libgcc.a(_udivsi3.o)
                0x00000410                __aeabi_uidiv
                0x00000410                __udivsi3
                0x00000498                __aeabi_uidivmod
 .text          0x000004ac        0x4 c:/program files/freescale/cw mcu v10.5/cross_tools/arm-none-eabi-gcc-4_7_3/bin/../lib/gcc/arm-none-eabi/4.7.3/armv6-m\libgcc.a(_dvmd_tls.o)
                0x000004ac                __aeabi_idiv0
                0x000004ac                __aeabi_ldiv0
 *(.text*)
 .text.Watchdog_Reset
                0x000004b0       0x1c ./Generated_Code/wdt_kinetis.o
                0x000004b0                Watchdog_Reset
 .text.USB_Framework_Init
                0x000004cc       0x5c ./Generated_Code/usb_framework.o
                0x000004cc                USB_Framework_Init
 .text.USB_Control_Service
                0x00000528      0x1f8 ./Generated_Code/usb_framework.o
                0x00000528                USB_Control_Service
 .text.USB_Control_Service_Handler
                0x00000720       0x94 ./Generated_Code/usb_framework.o
 .text.USB_Strd_Req_Get_Status
                0x000007b4      0x1dc ./Generated_Code/usb_framework.o
 .text.USB_Strd_Req_Feature
                0x00000990      0x20c ./Generated_Code/usb_framework.o
 .text.USB_Strd_Req_Set_Address
                0x00000b9c       0x48 ./Generated_Code/usb_framework.o
 .text.USB_Strd_Req_Assign_Address
                0x00000be4       0x44 ./Generated_Code/usb_framework.o
 .text.USB_Strd_Req_Get_Config
                0x00000c28       0x54 ./Generated_Code/usb_framework.o
 .text.USB_Strd_Req_Set_Config
                0x00000c7c       0xe4 ./Generated_Code/usb_framework.o
 .text.USB_Strd_Req_Get_Interface
                0x00000d60       0x6c ./Generated_Code/usb_framework.o
 .text.USB_Strd_Req_Set_Interface
                0x00000dcc       0x6c ./Generated_Code/usb_framework.o
 .text.USB_Strd_Req_Sync_Frame
                0x00000e38       0x58 ./Generated_Code/usb_framework.o
 .text.USB_Strd_Req_Get_Descriptor
                0x00000e90       0xa4 ./Generated_Code/usb_framework.o
 .text.USB_Device_Init_Params
                0x00000f34       0x74 ./Generated_Code/usb_driver.o
 .text._usb_device_init
                0x00000fa8       0x5c ./Generated_Code/usb_driver.o
                0x00000fa8                _usb_device_init
 .text._usb_device_init_endpoint
                0x00001004       0xc8 ./Generated_Code/usb_driver.o
                0x00001004                _usb_device_init_endpoint
 .text._usb_device_deinit_endpoint
                0x000010cc       0x84 ./Generated_Code/usb_driver.o
                0x000010cc                _usb_device_deinit_endpoint
 .text._usb_device_get_status
                0x00001150       0x84 ./Generated_Code/usb_driver.o
                0x00001150                _usb_device_get_status
 .text._usb_device_set_status
                0x000011d4      0x10c ./Generated_Code/usb_driver.o
                0x000011d4                _usb_device_set_status
 .text._usb_device_register_service
                0x000012e0       0x20 ./Generated_Code/usb_driver.o
                0x000012e0                _usb_device_register_service
 .text.USB_Device_Call_Service
                0x00001300       0x48 ./Generated_Code/usb_driver.o
                0x00001300                USB_Device_Call_Service
 .text.USB_NULL_CALLBACK
                0x00001348       0x10 ./Generated_Code/usb_driver.o
                0x00001348                USB_NULL_CALLBACK
 .text.USB_Desc_Get_Descriptor
                0x00001358      0x168 ./Generated_Code/usb_descriptor.o
                0x00001358                USB_Desc_Get_Descriptor
 .text.USB_Desc_Get_Interface
                0x000014c0       0x3c ./Generated_Code/usb_descriptor.o
                0x000014c0                USB_Desc_Get_Interface
 .text.USB_Desc_Set_Interface
                0x000014fc       0x38 ./Generated_Code/usb_descriptor.o
                0x000014fc                USB_Desc_Set_Interface
 .text.USB_Desc_Valid_Configation
                0x00001534       0x58 ./Generated_Code/usb_descriptor.o
                0x00001534                USB_Desc_Valid_Configation
 .text.USB_Desc_Remote_Wakeup
                0x0000158c       0x18 ./Generated_Code/usb_descriptor.o
                0x0000158c                USB_Desc_Remote_Wakeup
 .text.USB_Desc_Get_Endpoints
                0x000015a4       0x1c ./Generated_Code/usb_descriptor.o
                0x000015a4                USB_Desc_Get_Endpoints
 .text.USB_Desc_Get_Line_Coding
                0x000015c0       0x40 ./Generated_Code/usb_descriptor.o
                0x000015c0                USB_Desc_Get_Line_Coding
 .text.USB_Desc_Set_Line_Coding
                0x00001600       0x78 ./Generated_Code/usb_descriptor.o
                0x00001600                USB_Desc_Set_Line_Coding
 .text.USB_Desc_Get_Abstract_State
                0x00001678       0x3c ./Generated_Code/usb_descriptor.o
                0x00001678                USB_Desc_Get_Abstract_State
 .text.USB_Desc_Get_Country_Setting
                0x000016b4       0x3c ./Generated_Code/usb_descriptor.o
                0x000016b4                USB_Desc_Get_Country_Setting
 .text.USB_Desc_Set_Abstract_State
                0x000016f0       0x70 ./Generated_Code/usb_descriptor.o
                0x000016f0                USB_Desc_Set_Abstract_State
 .text.USB_Desc_Set_Country_Setting
                0x00001760       0x70 ./Generated_Code/usb_descriptor.o
                0x00001760                USB_Desc_Set_Country_Setting
 .text.USB_Bus_Reset_Handler
                0x000017d0       0xd0 ./Generated_Code/usb_dci_kinetis.o
 .text.USB_DCI_Get_BDT_Index
                0x000018a0       0x5c ./Generated_Code/usb_dci_kinetis.o
 .text.USB_DCI_Validate_Param
                0x000018fc       0x78 ./Generated_Code/usb_dci_kinetis.o
 .text.USB_DCI_Prepare_Send_Data
                0x00001974       0xfc ./Generated_Code/usb_dci_kinetis.o
 .text.USB_DCI_Init
                0x00001a70      0x184 ./Generated_Code/usb_dci_kinetis.o
                0x00001a70                USB_DCI_Init
 .text.USB_DCI_Init_EndPoint
                0x00001bf4      0x35c ./Generated_Code/usb_dci_kinetis.o
                0x00001bf4                USB_DCI_Init_EndPoint
 .text._usb_device_cancel_transfer
                0x00001f50       0xd0 ./Generated_Code/usb_dci_kinetis.o
                0x00001f50                _usb_device_cancel_transfer
 .text.USB_DCI_Deinit_EndPoint
                0x00002020       0xdc ./Generated_Code/usb_dci_kinetis.o
                0x00002020                USB_DCI_Deinit_EndPoint
 .text._usb_device_stall_endpoint
                0x000020fc       0xa0 ./Generated_Code/usb_dci_kinetis.o
                0x000020fc                _usb_device_stall_endpoint
 .text._usb_device_unstall_endpoint
                0x0000219c      0x120 ./Generated_Code/usb_dci_kinetis.o
                0x0000219c                _usb_device_unstall_endpoint
 .text._usb_device_recv_data
                0x000022bc      0x294 ./Generated_Code/usb_dci_kinetis.o
                0x000022bc                _usb_device_recv_data
 .text._usb_device_send_data
                0x00002550      0x168 ./Generated_Code/usb_dci_kinetis.o
                0x00002550                _usb_device_send_data
 .text._usb_device_set_address
                0x000026b8       0x34 ./Generated_Code/usb_dci_kinetis.o
                0x000026b8                _usb_device_set_address
 .text._usb_device_assert_resume
                0x000026ec       0xd0 ./Generated_Code/usb_dci_kinetis.o
                0x000026ec                _usb_device_assert_resume
 .text.USB_Bus_Token_Cpl_Handler
                0x000027bc      0x634 ./Generated_Code/usb_dci_kinetis.o
 .text.USB_ISR  0x00002df0      0x350 ./Generated_Code/usb_dci_kinetis.o
                0x00002df0                USB_ISR
 .text.Clear_Mem
                0x00003140       0x28 ./Generated_Code/usb_dci_kinetis.o
                0x00003140                Clear_Mem
 .text.USB_Suspend_Service
                0x00003168       0x30 ./Generated_Code/usb_class.o
                0x00003168                USB_Suspend_Service
 .text.USB_Resume_Service
                0x00003198       0x3c ./Generated_Code/usb_class.o
                0x00003198                USB_Resume_Service
 .text.USB_Stall_Service
                0x000031d4       0x34 ./Generated_Code/usb_class.o
                0x000031d4                USB_Stall_Service
 .text.USB_Sof_Service
                0x00003208       0x7c ./Generated_Code/usb_class.o
                0x00003208                USB_Sof_Service
 .text.USB_Reset_Service
                0x00003284      0x118 ./Generated_Code/usb_class.o
                0x00003284                USB_Reset_Service
 .text.USB_Error_Service
                0x0000339c       0x28 ./Generated_Code/usb_class.o
                0x0000339c                USB_Error_Service
 .text.USB_Class_Init
                0x000033c4      0x158 ./Generated_Code/usb_class.o
                0x000033c4                USB_Class_Init
 .text.USB_Class_Send_Data
                0x0000351c       0xb8 ./Generated_Code/usb_class.o
                0x0000351c                USB_Class_Send_Data
 .text.USB_Class_Periodic_Task
                0x000035d4        0x8 ./Generated_Code/usb_class.o
                0x000035d4                USB_Class_Periodic_Task
 .text.USB_Class_CDC_Pstn_Init
                0x000035dc       0x30 ./Generated_Code/usb_cdc_pstn.o
                0x000035dc                USB_Class_CDC_Pstn_Init
 .text.USB_Class_CDC_PSTN_Get_Line_Coding
                0x0000360c       0x58 ./Generated_Code/usb_cdc_pstn.o
                0x0000360c                USB_Class_CDC_PSTN_Get_Line_Coding
 .text.USB_Class_CDC_PSTN_Set_Line_Coding
                0x00003664       0x60 ./Generated_Code/usb_cdc_pstn.o
                0x00003664                USB_Class_CDC_PSTN_Set_Line_Coding
 .text.USB_Class_CDC_PSTN_Set_Ctrl_Line_State
                0x000036c4       0xe4 ./Generated_Code/usb_cdc_pstn.o
                0x000036c4                USB_Class_CDC_PSTN_Set_Ctrl_Line_State
 .text.USB_Class_CDC_PSTN_Send_Break
                0x000037a8       0x38 ./Generated_Code/usb_cdc_pstn.o
                0x000037a8                USB_Class_CDC_PSTN_Send_Break
 .text.USB_Class_CDC_PSTN_Get_Comm_Feature
                0x000037e0       0xac ./Generated_Code/usb_cdc_pstn.o
                0x000037e0                USB_Class_CDC_PSTN_Get_Comm_Feature
 .text.USB_Class_CDC_PSTN_Set_Comm_Feature
                0x0000388c       0xac ./Generated_Code/usb_cdc_pstn.o
                0x0000388c                USB_Class_CDC_PSTN_Set_Comm_Feature
 .text.USB_Class_CDC_PSTN_Send_Serial_State
                0x00003938       0x40 ./Generated_Code/usb_cdc_pstn.o
                0x00003938                USB_Class_CDC_PSTN_Send_Serial_State
 .text.USB_Class_CDC_Service_Cic_Notify
                0x00003978      0x164 ./Generated_Code/usb_cdc.o
                0x00003978                USB_Class_CDC_Service_Cic_Notify
 .text.USB_Class_CDC_Service_Dic_Bulk_In
                0x00003adc      0x198 ./Generated_Code/usb_cdc.o
                0x00003adc                USB_Class_CDC_Service_Dic_Bulk_In
 .text.USB_Class_CDC_Service_Dic_Bulk_Out
                0x00003c74       0x78 ./Generated_Code/usb_cdc.o
                0x00003c74                USB_Class_CDC_Service_Dic_Bulk_Out
 .text.USB_Class_CDC_Event
                0x00003cec      0x1e8 ./Generated_Code/usb_cdc.o
                0x00003cec                USB_Class_CDC_Event
 .text.USB_Other_Requests
                0x00003ed4      0x180 ./Generated_Code/usb_cdc.o
 .text.USB_Class_CDC_Init
                0x00004054      0x16c ./Generated_Code/usb_cdc.o
                0x00004054                USB_Class_CDC_Init
 .text.USB_Class_CDC_Send_Data
                0x000041c0      0x1e4 ./Generated_Code/usb_cdc.o
                0x000041c0                USB_Class_CDC_Send_Data
 .text.USB1_usb_int_en
                0x000043a4       0x2c ./Generated_Code/USB1.o
                0x000043a4                USB1_usb_int_en
 .text.USB1_Init
                0x000043d0       0x2c ./Generated_Code/USB1.o
                0x000043d0                USB1_Init
 .text.USB0_Init
                0x000043fc      0x17c ./Generated_Code/USB0.o
                0x000043fc                USB0_Init
 .text.Tx1_Put  0x00004578       0xb4 ./Generated_Code/Tx1.o
                0x00004578                Tx1_Put
 .text.Tx1_Get  0x0000462c       0xb0 ./Generated_Code/Tx1.o
                0x0000462c                Tx1_Get
 .text.Tx1_NofElements
                0x000046dc       0x14 ./Generated_Code/Tx1.o
                0x000046dc                Tx1_NofElements
 .text.Tx1_Init
                0x000046f0       0x28 ./Generated_Code/Tx1.o
                0x000046f0                Tx1_Init
 .text.Rx1_Put  0x00004718       0xb4 ./Generated_Code/Rx1.o
                0x00004718                Rx1_Put
 .text.Rx1_Get  0x000047cc       0xb0 ./Generated_Code/Rx1.o
                0x000047cc                Rx1_Get
 .text.Rx1_Init
                0x0000487c       0x28 ./Generated_Code/Rx1.o
                0x0000487c                Rx1_Init
 .text.Cpu_INT_NMIInterrupt
                0x000048a4        0xc ./Generated_Code/Cpu.o
                0x000048a4                Cpu_INT_NMIInterrupt
 .text.Cpu_ivINT_Hard_Fault
                0x000048b0        0xc ./Generated_Code/Cpu.o
                0x000048b0                Cpu_ivINT_Hard_Fault
 .text.Cpu_ivINT_Reserved4
                0x000048bc        0xc ./Generated_Code/Cpu.o
                0x000048bc                Cpu_ivINT_Reserved4
 .text.Cpu_ivINT_Reserved5
                0x000048c8        0xc ./Generated_Code/Cpu.o
                0x000048c8                Cpu_ivINT_Reserved5
 .text.Cpu_ivINT_Reserved6
                0x000048d4        0xc ./Generated_Code/Cpu.o
                0x000048d4                Cpu_ivINT_Reserved6
 .text.Cpu_ivINT_Reserved7
                0x000048e0        0xc ./Generated_Code/Cpu.o
                0x000048e0                Cpu_ivINT_Reserved7
 .text.Cpu_ivINT_Reserved8
                0x000048ec        0xc ./Generated_Code/Cpu.o
                0x000048ec                Cpu_ivINT_Reserved8
 .text.Cpu_ivINT_Reserved9
                0x000048f8        0xc ./Generated_Code/Cpu.o
                0x000048f8                Cpu_ivINT_Reserved9
 .text.Cpu_ivINT_Reserved10
                0x00004904        0xc ./Generated_Code/Cpu.o
                0x00004904                Cpu_ivINT_Reserved10
 .text.Cpu_ivINT_SVCall
                0x00004910        0xc ./Generated_Code/Cpu.o
                0x00004910                Cpu_ivINT_SVCall
 .text.Cpu_ivINT_Reserved12
                0x0000491c        0xc ./Generated_Code/Cpu.o
                0x0000491c                Cpu_ivINT_Reserved12
 .text.Cpu_ivINT_Reserved13
                0x00004928        0xc ./Generated_Code/Cpu.o
                0x00004928                Cpu_ivINT_Reserved13
 .text.Cpu_ivINT_PendableSrvReq
                0x00004934        0xc ./Generated_Code/Cpu.o
                0x00004934                Cpu_ivINT_PendableSrvReq
 .text.Cpu_ivINT_SysTick
                0x00004940        0xc ./Generated_Code/Cpu.o
                0x00004940                Cpu_ivINT_SysTick
 .text.Cpu_ivINT_DMA0
                0x0000494c        0xc ./Generated_Code/Cpu.o
                0x0000494c                Cpu_ivINT_DMA0
 .text.Cpu_ivINT_DMA1
                0x00004958        0xc ./Generated_Code/Cpu.o
                0x00004958                Cpu_ivINT_DMA1
 .text.Cpu_ivINT_DMA2
                0x00004964        0xc ./Generated_Code/Cpu.o
                0x00004964                Cpu_ivINT_DMA2
 .text.Cpu_ivINT_DMA3
                0x00004970        0xc ./Generated_Code/Cpu.o
                0x00004970                Cpu_ivINT_DMA3
 .text.Cpu_ivINT_Reserved20
                0x0000497c        0xc ./Generated_Code/Cpu.o
                0x0000497c                Cpu_ivINT_Reserved20
 .text.Cpu_ivINT_FTFA
                0x00004988        0xc ./Generated_Code/Cpu.o
                0x00004988                Cpu_ivINT_FTFA
 .text.Cpu_ivINT_LVD_LVW
                0x00004994        0xc ./Generated_Code/Cpu.o
                0x00004994                Cpu_ivINT_LVD_LVW
 .text.Cpu_ivINT_LLW
                0x000049a0        0xc ./Generated_Code/Cpu.o
                0x000049a0                Cpu_ivINT_LLW
 .text.Cpu_ivINT_I2C0
                0x000049ac        0xc ./Generated_Code/Cpu.o
                0x000049ac                Cpu_ivINT_I2C0
 .text.Cpu_ivINT_I2C1
                0x000049b8        0xc ./Generated_Code/Cpu.o
                0x000049b8                Cpu_ivINT_I2C1
 .text.Cpu_ivINT_SPI0
                0x000049c4        0xc ./Generated_Code/Cpu.o
                0x000049c4                Cpu_ivINT_SPI0
 .text.Cpu_ivINT_SPI1
                0x000049d0        0xc ./Generated_Code/Cpu.o
                0x000049d0                Cpu_ivINT_SPI1
 .text.Cpu_ivINT_UART0
                0x000049dc        0xc ./Generated_Code/Cpu.o
                0x000049dc                Cpu_ivINT_UART0
 .text.Cpu_ivINT_UART1
                0x000049e8        0xc ./Generated_Code/Cpu.o
                0x000049e8                Cpu_ivINT_UART1
 .text.Cpu_ivINT_UART2
                0x000049f4        0xc ./Generated_Code/Cpu.o
                0x000049f4                Cpu_ivINT_UART2
 .text.Cpu_ivINT_ADC0
                0x00004a00        0xc ./Generated_Code/Cpu.o
                0x00004a00                Cpu_ivINT_ADC0
 .text.Cpu_ivINT_CMP0
                0x00004a0c        0xc ./Generated_Code/Cpu.o
                0x00004a0c                Cpu_ivINT_CMP0
 .text.Cpu_ivINT_TPM0
                0x00004a18        0xc ./Generated_Code/Cpu.o
                0x00004a18                Cpu_ivINT_TPM0
 .text.Cpu_ivINT_TPM1
                0x00004a24        0xc ./Generated_Code/Cpu.o
                0x00004a24                Cpu_ivINT_TPM1
 .text.Cpu_ivINT_TPM2
                0x00004a30        0xc ./Generated_Code/Cpu.o
                0x00004a30                Cpu_ivINT_TPM2
 .text.Cpu_ivINT_RTC
                0x00004a3c        0xc ./Generated_Code/Cpu.o
                0x00004a3c                Cpu_ivINT_RTC
 .text.Cpu_ivINT_RTC_Seconds
                0x00004a48        0xc ./Generated_Code/Cpu.o
                0x00004a48                Cpu_ivINT_RTC_Seconds
 .text.Cpu_ivINT_PIT
                0x00004a54        0xc ./Generated_Code/Cpu.o
                0x00004a54                Cpu_ivINT_PIT
 .text.Cpu_ivINT_Reserved39
                0x00004a60        0xc ./Generated_Code/Cpu.o
                0x00004a60                Cpu_ivINT_Reserved39
 .text.Cpu_ivINT_DAC0
                0x00004a6c        0xc ./Generated_Code/Cpu.o
                0x00004a6c                Cpu_ivINT_DAC0
 .text.Cpu_ivINT_TSI0
                0x00004a78        0xc ./Generated_Code/Cpu.o
                0x00004a78                Cpu_ivINT_TSI0
 .text.Cpu_ivINT_MCG
                0x00004a84        0xc ./Generated_Code/Cpu.o
                0x00004a84                Cpu_ivINT_MCG
 .text.Cpu_ivINT_LPTimer
                0x00004a90        0xc ./Generated_Code/Cpu.o
                0x00004a90                Cpu_ivINT_LPTimer
 .text.Cpu_ivINT_Reserved45
                0x00004a9c        0xc ./Generated_Code/Cpu.o
                0x00004a9c                Cpu_ivINT_Reserved45
 .text.Cpu_ivINT_PORTA
                0x00004aa8        0xc ./Generated_Code/Cpu.o
                0x00004aa8                Cpu_ivINT_PORTA
 .text.Cpu_ivINT_PORTD
                0x00004ab4        0xc ./Generated_Code/Cpu.o
                0x00004ab4                Cpu_ivINT_PORTD
 .text.__init_hardware
                0x00004ac0      0x174 ./Generated_Code/Cpu.o
                0x00004ac0                __init_hardware
 .text.PE_low_level_init
                0x00004c34       0xe0 ./Generated_Code/Cpu.o
                0x00004c34                PE_low_level_init
 .text.CDC1_RecvChar
                0x00004d14       0x24 ./Generated_Code/CDC1.o
                0x00004d14                CDC1_RecvChar
 .text.CDC1_SendChar
                0x00004d38       0x4c ./Generated_Code/CDC1.o
                0x00004d38                CDC1_SendChar
 .text.CDC1_App_Callback
                0x00004d84      0x118 ./Generated_Code/CDC1.o
                0x00004d84                CDC1_App_Callback
 .text.CDC1_Notify_Callback
                0x00004e9c       0x50 ./Generated_Code/CDC1.o
                0x00004e9c                CDC1_Notify_Callback
 .text.CDC1_App_Task
                0x00004eec       0xf4 ./Generated_Code/CDC1.o
                0x00004eec                CDC1_App_Task
 .text.CDC1_Init
                0x00004fe0       0x3c ./Generated_Code/CDC1.o
                0x00004fe0                CDC1_Init
 .text.zero_fill_bss
                0x0000501c       0x24 ./Project_Settings/Startup_Code/__arm_start.o
 .text.__thumb_startup
                0x00005040       0x30 ./Project_Settings/Startup_Code/__arm_start.o
                0x00005040                __thumb_startup
 .text._ExitProcess
                0x00005070        0xc ./Project_Settings/Startup_Code/__arm_end.o
                0x00005070                _ExitProcess
 .text.main     0x0000507c       0x10 ./Sources/ProcessorExpert.o
                0x0000507c                main
 .text.delay_ms
                0x0000508c      0x414 ./Sources/NORway.o
                0x0000508c                delay_ms
 .text.init_IO  0x000054a0      0x4fc ./Sources/NORway.o
                0x000054a0                init_IO
 .text.test_IO  0x0000599c       0xe0 ./Sources/NORway.o
                0x0000599c                test_IO
 .text.serial_putchar
                0x00005a7c       0x30 ./Sources/NORway.o
                0x00005a7c                serial_putchar
 .text.serial_getchar
                0x00005aac       0x28 ./Sources/NORway.o
                0x00005aac                serial_getchar
 .text.set_ADDR3
                0x00005ad4       0x50 ./Sources/NORway.o
                0x00005ad4                set_ADDR3
 .text.set_ADDR2
                0x00005b24       0x34 ./Sources/NORway.o
                0x00005b24                set_ADDR2
 .text.set_ADDR1
                0x00005b58       0x4c ./Sources/NORway.o
                0x00005b58                set_ADDR1
 .text.set_DATA1
                0x00005ba4       0x34 ./Sources/NORway.o
                0x00005ba4                set_DATA1
 .text.get_DATA1
                0x00005bd8       0x14 ./Sources/NORway.o
                0x00005bd8                get_DATA1
 .text.set_DATA2
                0x00005bec       0x4c ./Sources/NORway.o
                0x00005bec                set_DATA2
 .text.get_DATA2
                0x00005c38       0x40 ./Sources/NORway.o
                0x00005c38                get_DATA2
 .text.put_address
                0x00005c78       0x38 ./Sources/NORway.o
                0x00005c78                put_address
 .text.put_data
                0x00005cb0       0x4c ./Sources/NORway.o
                0x00005cb0                put_data
 .text.addr_increment
                0x00005cfc       0x9c ./Sources/NORway.o
                0x00005cfc                addr_increment
 .text.state_waiting1
                0x00005d98       0x8c ./Sources/NORway.o
                0x00005d98                state_waiting1
 .text.state_waiting2
                0x00005e24       0x5c ./Sources/NORway.o
                0x00005e24                state_waiting2
 .text.state_byte
                0x00005e80       0x8c ./Sources/NORway.o
                0x00005e80                state_byte
 .text.verify   0x00005f0c       0xe0 ./Sources/NORway.o
                0x00005f0c                verify
 .text.initports
                0x00005fec       0xc4 ./Sources/NORway.o
                0x00005fec                initports
 .text.releaseports
                0x000060b0       0x80 ./Sources/NORway.o
                0x000060b0                releaseports
 .text.NORway   0x00006130     0x1090 ./Sources/NORway.o
                0x00006130                NORway
 .text.Cpu_OnNMIINT
                0x000071c0        0x8 ./Sources/Events.o
                0x000071c0                Cpu_OnNMIINT
 .text.exit     0x000071c8       0x38 C:/Program Files/Freescale/CW MCU v10.5/MCU/ARM_GCC_Support/ewl/lib/armv6-m\libc.a(exit.o)
                0x000071c8                exit
 .text.memcpy   0x00007200       0x12 C:/Program Files/Freescale/CW MCU v10.5/MCU/ARM_GCC_Support/ewl/lib/armv6-m\libc.a(memcpy.o)
                0x00007200                memcpy
 .text.memset   0x00007212        0xc C:/Program Files/Freescale/CW MCU v10.5/MCU/ARM_GCC_Support/ewl/lib/armv6-m\libc.a(memset.o)
                0x00007212                memset
 .text.__fill_mem
                0x0000721e       0x7e C:/Program Files/Freescale/CW MCU v10.5/MCU/ARM_GCC_Support/ewl/lib/armv6-m\libc.a(__filll_mem.o)
                0x0000721e                __fill_mem
 .text.__init_cpp
                0x0000729c       0x48 C:/Program Files/Freescale/CW MCU v10.5/MCU/ARM_GCC_Support/ewl/lib/armv6-m\librt.a(gcc_ctor_dtor.o)
                0x0000729c                __init_cpp
 .text.__fini_cpp
                0x000072e4       0x34 C:/Program Files/Freescale/CW MCU v10.5/MCU/ARM_GCC_Support/ewl/lib/armv6-m\librt.a(gcc_ctor_dtor.o)
                0x000072e4                __fini_cpp
 .text.__copy_rom_section
                0x00007318       0x48 C:/Program Files/Freescale/CW MCU v10.5/MCU/ARM_GCC_Support/ewl/lib/armv6-m\librt.a(ROMCopy.o)
                0x00007318                __copy_rom_section
 .text.__copy_rom_sections_to_ram
                0x00007360       0x34 C:/Program Files/Freescale/CW MCU v10.5/MCU/ARM_GCC_Support/ewl/lib/armv6-m\librt.a(ROMCopy.o)
                0x00007360                __copy_rom_sections_to_ram
 .text.__destroy_global_chain
                0x00007394       0x1c C:/Program Files/Freescale/CW MCU v10.5/MCU/ARM_GCC_Support/ewl/lib/armv6-m\librt.a(__arm_eabi_init.o)
                0x00007394                __destroy_global_chain
 .text.__init_registers
                0x000073b0       0x1c C:/Program Files/Freescale/CW MCU v10.5/MCU/ARM_GCC_Support/ewl/lib/armv6-m\librt.a(__arm_eabi_init.o)
                0x000073b0                __init_registers
 .text.__init_user
                0x000073cc        0x4 C:/Program Files/Freescale/CW MCU v10.5/MCU/ARM_GCC_Support/ewl/lib/armv6-m\librt.a(__arm_eabi_init.o)
                0x000073cc                __init_user
 *(.rodata)
 .rodata        0x000073d0        0x8 ./Generated_Code/usb_dci_kinetis.o
 *(.rodata*)
 .rodata.g_validate_request
                0x000073d8       0x28 ./Generated_Code/usb_framework.o
                0x000073d8                g_validate_request
 .rodata.g_standard_request
                0x00007400       0x34 ./Generated_Code/usb_framework.o
                0x00007400                g_standard_request
 .rodata.g_usb_CB
                0x00007434       0x60 ./Generated_Code/usb_driver.o
 .rodata.usb_desc_ep
                0x00007494       0x10 ./Generated_Code/usb_descriptor.o
                0x00007494                usb_desc_ep
 .rodata.g_std_desc_size
                0x000074a4       0x10 ./Generated_Code/usb_descriptor.o
                0x000074a4                g_std_desc_size
 .rodata.g_std_descriptors
                0x000074b4       0x20 ./Generated_Code/usb_descriptor.o
                0x000074b4                g_std_descriptors
 .rodata.g_string_desc_size
                0x000074d4        0x4 ./Generated_Code/usb_descriptor.o
                0x000074d4                g_string_desc_size
 .rodata.g_string_descriptors
                0x000074d8       0x10 ./Generated_Code/usb_descriptor.o
                0x000074d8                g_string_descriptors
 .rodata.g_languages
                0x000074e8       0x1c ./Generated_Code/usb_descriptor.o
                0x000074e8                g_languages
 .rodata.g_valid_config_values
                0x00007504        0x4 ./Generated_Code/usb_descriptor.o
                0x00007504                g_valid_config_values
 .rodata.USB_Other_Requests
                0x00007508       0x90 ./Generated_Code/usb_cdc.o
 .rodata.NORway
                0x00007598       0x30 ./Sources/NORway.o
 *(.glue_7)
 .glue_7        0x00000000        0x0 linker stubs
 *(.glue_7t)
 .glue_7t       0x00000000        0x0 linker stubs
 *(.eh_frame)
 *(.init)
 *(.fini)
                0x000075c8                . = ALIGN (0x4)
                0x000075c8                _etext = .

.vfp11_veneer   0x000075c8        0x0
 .vfp11_veneer  0x00000000        0x0 linker stubs

.v4_bx          0x000075c8        0x0
 .v4_bx         0x00000000        0x0 linker stubs

.iplt           0x000075c8        0x0
 .iplt          0x00000000        0x0 ./Generated_Code/wdt_kinetis.o

.rel.dyn        0x000075c8        0x0
 .rel.iplt      0x00000000        0x0 ./Generated_Code/wdt_kinetis.o

.ARM.extab
 *(.ARM.extab* .gnu.linkonce.armextab.*)

.ARM            0x000075c8        0x0
                0x000075c8                __exidx_start = .
 *(.ARM.exidx*)
                0x000075c8                __exidx_end = .

.ctors          0x000075c8        0x0
                0x000075c8                __CTOR_LIST__ = .
 *crtbegin.o(.ctors)
 *(EXCLUDE_FILE(*crtend.o) .ctors)
 *(SORT(.ctors.*))
 *(.ctors)
                0x000075c8                __CTOR_END__ = .

.dtors          0x000075c8        0x0
                0x000075c8                __DTOR_LIST__ = .
 *crtbegin.o(.dtors)
 *(EXCLUDE_FILE(*crtend.o) .dtors)
 *(SORT(.dtors.*))
 *(.dtors)
                0x000075c8                __DTOR_END__ = .

.preinit_array  0x000075c8        0x0
                0x000075c8                PROVIDE (__preinit_array_start, .)
 *(.preinit_array*)
                0x000075c8                PROVIDE (__preinit_array_end, .)

.init_array     0x000075c8        0x0
                0x000075c8                PROVIDE (__init_array_start, .)
 *(SORT(.init_array.*))
 *(.init_array*)
                0x000075c8                PROVIDE (__init_array_end, .)

.fini_array     0x000075c8        0x0
                0x000075c8                PROVIDE (__fini_array_start, .)
 *(SORT(.fini_array.*))
 *(.fini_array*)
                0x000075c8                PROVIDE (__fini_array_end, .)
                0x000075c8                ___ROM_AT = .

.mtb            0x1ffff000        0x0
                0x1ffff000                . = ALIGN (0x8)
                0x1ffff000                _mtb_start = .
 *(.mtb_buf)
                0x1ffff000                . = ALIGN (0x8)
                0x1ffff000                _mtb_end = .

.data           0x1ffff000       0xfc load address 0x000075c8
                0x1ffff000                . = ALIGN (0x4)
                0x1ffff000                _sdata = .
 *(.data)
 *(.data*)
 .data.g_device_descriptor
                0x1ffff000       0x14 ./Generated_Code/usb_descriptor.o
                0x1ffff000                g_device_descriptor
 .data.g_config_descriptor
                0x1ffff014       0x44 ./Generated_Code/usb_descriptor.o
                0x1ffff014                g_config_descriptor
 .data.USB_STR_0
                0x1ffff058        0x4 ./Generated_Code/usb_descriptor.o
                0x1ffff058                USB_STR_0
 .data.USB_STR_1
                0x1ffff05c       0x3c ./Generated_Code/usb_descriptor.o
                0x1ffff05c                USB_STR_1
 .data.USB_STR_2
                0x1ffff098       0x20 ./Generated_Code/usb_descriptor.o
                0x1ffff098                USB_STR_2
 .data.USB_STR_n
                0x1ffff0b8       0x24 ./Generated_Code/usb_descriptor.o
                0x1ffff0b8                USB_STR_n
 .data.g_line_coding
                0x1ffff0dc       0x10 ./Generated_Code/usb_descriptor.o
 .data.g_trf_direction
                0x1ffff0ec        0x1 ./Generated_Code/usb_dci_kinetis.o
 *fill*         0x1ffff0ed        0x3 00
 .data.g_serial_state_buf
                0x1ffff0f0        0xc ./Generated_Code/usb_cdc_pstn.o
                0x1ffff0fc                . = ALIGN (0x4)
                0x1ffff0fc                _edata = .
                0x000000fc                ___data_size = (_edata - _sdata)

.igot.plt       0x1ffff0fc        0x0 load address 0x000076c4
 .igot.plt      0x00000000        0x0 ./Generated_Code/wdt_kinetis.o
                0x1ffff0fc                . = ALIGN (0x4)

.bss            0x1ffff200      0xa04 load address 0x00007800
                0x1ffff200                __START_BSS = .
                0x1ffff200                PROVIDE (__bss_start__, __START_BSS)
 *(.bss)
 *(.bss*)
 .bss.g_setup_pkt
                0x1ffff200        0x8 ./Generated_Code/usb_framework.o
 .bss.g_std_framework_data
                0x1ffff208        0x2 ./Generated_Code/usb_framework.o
 .bss.g_assigned_address
                0x1ffff20a        0x1 ./Generated_Code/usb_framework.o
 *fill*         0x1ffff20b        0x1 00
 .bss.g_framework_callback
                0x1ffff20c        0x4 ./Generated_Code/usb_framework.o
 .bss.g_other_req_callback
                0x1ffff210        0x4 ./Generated_Code/usb_framework.o
 .bss.ext_req_to_host
                0x1ffff214       0x10 ./Generated_Code/usb_framework.o
 .bss.g_usb_component_status
                0x1ffff224        0x8 ./Generated_Code/usb_driver.o
 .bss.g_usb_ep_status
                0x1ffff22c        0x8 ./Generated_Code/usb_driver.o
 .bss.g_EPn     0x1ffff234        0x1 ./Generated_Code/usb_driver.o
 .bss.g_EPn_max
                0x1ffff235        0x1 ./Generated_Code/usb_driver.o
 *fill*         0x1ffff236        0x2 00
 .bss.g_abstract_state
                0x1ffff238        0x4 ./Generated_Code/usb_descriptor.o
 .bss.g_country_code
                0x1ffff23c        0x4 ./Generated_Code/usb_descriptor.o
 .bss.g_alternate_interface
                0x1ffff240        0x4 ./Generated_Code/usb_descriptor.o
 .bss.g_bdtmap  0x1ffff244        0x4 ./Generated_Code/usb_dci_kinetis.o
                0x1ffff244                g_bdtmap
 .bss.g_bdt_elem
                0x1ffff248      0x240 ./Generated_Code/usb_dci_kinetis.o
 .bss.g_dci_controller_Id
                0x1ffff488        0x1 ./Generated_Code/usb_dci_kinetis.o
 *fill*         0x1ffff489        0x3 00
 .bss.g_bdt_address
                0x1ffff48c        0x4 ./Generated_Code/usb_dci_kinetis.o
 .bss.g_class_callback
                0x1ffff490        0x4 ./Generated_Code/usb_class.o
 .bss.g_device_state_before_suspend
                0x1ffff494        0x1 ./Generated_Code/usb_class.o
 *fill*         0x1ffff495        0x3 00
 .bss.g_pstn_callback
                0x1ffff498        0x4 ./Generated_Code/usb_cdc_pstn.o
 .bss.g_dte_present
                0x1ffff49c        0x1 ./Generated_Code/usb_cdc_pstn.o
 .bss.g_dte_status
                0x1ffff49d        0x1 ./Generated_Code/usb_cdc_pstn.o
 .bss.g_break_duration
                0x1ffff49e        0x2 ./Generated_Code/usb_cdc_pstn.o
 .bss.g_current_interface
                0x1ffff4a0        0x1 ./Generated_Code/usb_cdc_pstn.o
 *fill*         0x1ffff4a1        0x3 00
 .bss.g_uart_bitmap
                0x1ffff4a4        0x4 ./Generated_Code/usb_cdc_pstn.o
 .bss.g_cdc_class_callback
                0x1ffff4a8        0x4 ./Generated_Code/usb_cdc.o
 .bss.g_vendor_req_callback
                0x1ffff4ac        0x4 ./Generated_Code/usb_cdc.o
 .bss.g_cdc_ep  0x1ffff4b0       0x6c ./Generated_Code/usb_cdc.o
 .bss.Tx1_buffer
                0x1ffff51c      0x100 ./Generated_Code/Tx1.o
 .bss.Tx1_inIdx
                0x1ffff61c        0x1 ./Generated_Code/Tx1.o
 .bss.Tx1_outIdx
                0x1ffff61d        0x1 ./Generated_Code/Tx1.o
 .bss.Tx1_inSize
                0x1ffff61e        0x1 ./Generated_Code/Tx1.o
 *fill*         0x1ffff61f        0x1 00
 .bss.Rx1_buffer
                0x1ffff620      0x100 ./Generated_Code/Rx1.o
 .bss.Rx1_inIdx
                0x1ffff720        0x1 ./Generated_Code/Rx1.o
 .bss.Rx1_outIdx
                0x1ffff721        0x1 ./Generated_Code/Rx1.o
 .bss.Rx1_inSize
                0x1ffff722        0x1 ./Generated_Code/Rx1.o
 .bss.SR_lock   0x1ffff723        0x1 ./Generated_Code/Cpu.o
                0x1ffff723                SR_lock
 .bss.start_app
                0x1ffff724        0x1 ./Generated_Code/CDC1.o
 .bss.start_transactions
                0x1ffff725        0x1 ./Generated_Code/CDC1.o
 .bss.transactionOngoing
                0x1ffff726        0x1 ./Generated_Code/CDC1.o
 *fill*         0x1ffff727        0x1 00
 .bss.txBuf.6598
                0x1ffff728       0x40 ./Generated_Code/CDC1.o
 .bss.argv      0x1ffff768        0x4 ./Project_Settings/Startup_Code/__arm_start.o
 .bss.cdc_buffer
                0x1ffff76c       0x40 ./Sources/NORway.o
 .bss.__stdio_exit
                0x1ffff7ac        0x4 C:/Program Files/Freescale/CW MCU v10.5/MCU/ARM_GCC_Support/ewl/lib/armv6-m\libc.a(exit.o)
                0x1ffff7ac                __stdio_exit
 .bss.__console_exit
                0x1ffff7b0        0x4 C:/Program Files/Freescale/CW MCU v10.5/MCU/ARM_GCC_Support/ewl/lib/armv6-m\libc.a(exit.o)
                0x1ffff7b0                __console_exit
 .bss.__S_romp  0x1ffff7b4        0xc C:/Program Files/Freescale/CW MCU v10.5/MCU/ARM_GCC_Support/ewl/lib/armv6-m\librt.a(ROMCopy.o)
 .bss.__global_destructor_chain
                0x1ffff7c0        0x4 C:/Program Files/Freescale/CW MCU v10.5/MCU/ARM_GCC_Support/ewl/lib/armv6-m\librt.a(__arm_eabi_init.o)
                0x1ffff7c0                __global_destructor_chain
 *(COMMON)
 *fill*         0x1ffff7c4       0x3c 00
 COMMON         0x1ffff800      0x400 ./Generated_Code/usb_dci_kinetis.o
                0x1ffff800                g_Mem
 COMMON         0x1ffffc00        0x1 ./Generated_Code/Cpu.o
                0x1ffffc00                SR_reg
 COMMON         0x1ffffc01        0x3 ./Sources/NORway.o
                0x1ffffc01                ADDR1
                0x1ffffc02                ADDR3
                0x1ffffc03                ADDR2
                0x1ffffc04                . = ALIGN (0x4)
                0x1ffffc04                __END_BSS = .
                0x1ffffc04                PROVIDE (__bss_end__, __END_BSS)
                0x000076c4                _romp_at = (___ROM_AT + SIZEOF (.data))

.romp           0x1ffffc04       0x18 load address 0x000076c4
                0x000076c4                __S_romp = _romp_at
                0x1ffffc04        0x4 LONG 0x75c8 ___ROM_AT
                0x1ffffc08        0x4 LONG 0x1ffff000 _sdata
                0x1ffffc0c        0x4 LONG 0xfc ___data_size
                0x1ffffc10        0x4 LONG 0x0
                0x1ffffc14        0x4 LONG 0x0
                0x1ffffc18        0x4 LONG 0x0

._user_heap_stack
                0x1ffffc1c      0x400 load address 0x000076dc
                0x1ffffc1c                . = ALIGN (0x4)
                0x1ffffc1c                PROVIDE (end, .)
                0x1ffffc1c                PROVIDE (_end, .)
                0x1ffffc1c                __heap_addr = .
                0x1ffffc1c                . = (. + __heap_size)
                0x2000001c                . = (. + __stack_size)
 *fill*         0x1ffffc1c      0x400 00
                0x2000001c                . = ALIGN (0x4)

.ARM.attributes
                0x00000000       0x31
 *(.ARM.attributes)
 .ARM.attributes
                0x00000000       0x31 ./Generated_Code/wdt_kinetis.o
 .ARM.attributes
                0x00000031       0x31 ./Generated_Code/usb_framework.o
 .ARM.attributes
                0x00000062       0x31 ./Generated_Code/usb_driver.o
 .ARM.attributes
                0x00000093       0x31 ./Generated_Code/usb_descriptor.o
 .ARM.attributes
                0x000000c4       0x31 ./Generated_Code/usb_dci_kinetis.o
 .ARM.attributes
                0x000000f5       0x31 ./Generated_Code/usb_class.o
 .ARM.attributes
                0x00000126       0x31 ./Generated_Code/usb_cdc_pstn.o
 .ARM.attributes
                0x00000157       0x31 ./Generated_Code/usb_cdc.o
 .ARM.attributes
                0x00000188       0x31 ./Generated_Code/Vectors.o
 .ARM.attributes
                0x000001b9       0x31 ./Generated_Code/USB1.o
 .ARM.attributes
                0x000001ea       0x31 ./Generated_Code/USB0.o
 .ARM.attributes
                0x0000021b       0x31 ./Generated_Code/Tx1.o
 .ARM.attributes
                0x0000024c       0x31 ./Generated_Code/Rx1.o
 .ARM.attributes
                0x0000027d       0x31 ./Generated_Code/Cpu.o
 .ARM.attributes
                0x000002ae       0x31 ./Generated_Code/CDC1.o
 .ARM.attributes
                0x000002df       0x31 ./Project_Settings/Startup_Code/__arm_start.o
 .ARM.attributes
                0x00000310       0x31 ./Project_Settings/Startup_Code/__arm_end.o
 .ARM.attributes
                0x00000341       0x31 ./Sources/ProcessorExpert.o
 .ARM.attributes
                0x00000372       0x31 ./Sources/NORway.o
 .ARM.attributes
                0x000003a3       0x31 ./Sources/Events.o
 .ARM.attributes
                0x000003d4       0x31 C:/Program Files/Freescale/CW MCU v10.5/MCU/ARM_GCC_Support/ewl/lib/armv6-m\libc.a(exit.o)
 .ARM.attributes
                0x00000405       0x31 C:/Program Files/Freescale/CW MCU v10.5/MCU/ARM_GCC_Support/ewl/lib/armv6-m\libc.a(memcpy.o)
 .ARM.attributes
                0x00000436       0x31 C:/Program Files/Freescale/CW MCU v10.5/MCU/ARM_GCC_Support/ewl/lib/armv6-m\libc.a(memset.o)
 .ARM.attributes
                0x00000467       0x31 C:/Program Files/Freescale/CW MCU v10.5/MCU/ARM_GCC_Support/ewl/lib/armv6-m\libc.a(__filll_mem.o)
 .ARM.attributes
                0x00000498       0x1e c:/program files/freescale/cw mcu v10.5/cross_tools/arm-none-eabi-gcc-4_7_3/bin/../lib/gcc/arm-none-eabi/4.7.3/armv6-m\libgcc.a(_udivsi3.o)
 .ARM.attributes
                0x000004b6       0x1e c:/program files/freescale/cw mcu v10.5/cross_tools/arm-none-eabi-gcc-4_7_3/bin/../lib/gcc/arm-none-eabi/4.7.3/armv6-m\libgcc.a(_dvmd_tls.o)
 .ARM.attributes
                0x000004d4       0x31 C:/Program Files/Freescale/CW MCU v10.5/MCU/ARM_GCC_Support/ewl/lib/armv6-m\librt.a(gcc_ctor_dtor.o)
 .ARM.attributes
                0x00000505       0x31 C:/Program Files/Freescale/CW MCU v10.5/MCU/ARM_GCC_Support/ewl/lib/armv6-m\librt.a(ROMCopy.o)
 .ARM.attributes
                0x00000536       0x31 C:/Program Files/Freescale/CW MCU v10.5/MCU/ARM_GCC_Support/ewl/lib/armv6-m\librt.a(__arm_eabi_init.o)
OUTPUT(USB_CDC_Test.elf elf32-littlearm)

.debug_info     0x00000000     0x73f6
 .debug_info    0x00000000      0x11d ./Generated_Code/wdt_kinetis.o
 .debug_info    0x0000011d      0x94d ./Generated_Code/usb_framework.o
 .debug_info    0x00000a6a      0x586 ./Generated_Code/usb_driver.o
 .debug_info    0x00000ff0      0x855 ./Generated_Code/usb_descriptor.o
 .debug_info    0x00001845     0x14b6 ./Generated_Code/usb_dci_kinetis.o
 .debug_info    0x00002cfb      0x4d9 ./Generated_Code/usb_class.o
 .debug_info    0x000031d4      0x55c ./Generated_Code/usb_cdc_pstn.o
 .debug_info    0x00003730      0x7e5 ./Generated_Code/usb_cdc.o
 .debug_info    0x00003f15      0x10b ./Generated_Code/Vectors.o
 .debug_info    0x00004020      0x1d4 ./Generated_Code/USB1.o
 .debug_info    0x000041f4      0x6e1 ./Generated_Code/USB0.o
 .debug_info    0x000048d5      0x1c0 ./Generated_Code/Tx1.o
 .debug_info    0x00004a95      0x1c0 ./Generated_Code/Rx1.o
 .debug_info    0x00004c55      0xc91 ./Generated_Code/Cpu.o
 .debug_info    0x000058e6      0x395 ./Generated_Code/CDC1.o
 .debug_info    0x00005c7b      0x12a ./Project_Settings/Startup_Code/__arm_start.o
 .debug_info    0x00005da5       0x54 ./Project_Settings/Startup_Code/__arm_end.o
 .debug_info    0x00005df9       0xaa ./Sources/ProcessorExpert.o
 .debug_info    0x00005ea3      0xb1d ./Sources/NORway.o
 .debug_info    0x000069c0       0x92 ./Sources/Events.o
 .debug_info    0x00006a52       0xe8 C:/Program Files/Freescale/CW MCU v10.5/MCU/ARM_GCC_Support/ewl/lib/armv6-m\libc.a(exit.o)
 .debug_info    0x00006b3a      0x10f C:/Program Files/Freescale/CW MCU v10.5/MCU/ARM_GCC_Support/ewl/lib/armv6-m\libc.a(memcpy.o)
 .debug_info    0x00006c49       0xec C:/Program Files/Freescale/CW MCU v10.5/MCU/ARM_GCC_Support/ewl/lib/armv6-m\libc.a(memset.o)
 .debug_info    0x00006d35      0x137 C:/Program Files/Freescale/CW MCU v10.5/MCU/ARM_GCC_Support/ewl/lib/armv6-m\libc.a(__filll_mem.o)
 .debug_info    0x00006e6c      0x136 C:/Program Files/Freescale/CW MCU v10.5/MCU/ARM_GCC_Support/ewl/lib/armv6-m\librt.a(gcc_ctor_dtor.o)
 .debug_info    0x00006fa2      0x19b C:/Program Files/Freescale/CW MCU v10.5/MCU/ARM_GCC_Support/ewl/lib/armv6-m\librt.a(ROMCopy.o)
 .debug_info    0x0000713d      0x2b9 C:/Program Files/Freescale/CW MCU v10.5/MCU/ARM_GCC_Support/ewl/lib/armv6-m\librt.a(__arm_eabi_init.o)

.debug_abbrev   0x00000000     0x1a7b
 .debug_abbrev  0x00000000       0x97 ./Generated_Code/wdt_kinetis.o
 .debug_abbrev  0x00000097      0x190 ./Generated_Code/usb_framework.o
 .debug_abbrev  0x00000227      0x162 ./Generated_Code/usb_driver.o
 .debug_abbrev  0x00000389      0x118 ./Generated_Code/usb_descriptor.o
 .debug_abbrev  0x000004a1      0x24f ./Generated_Code/usb_dci_kinetis.o
 .debug_abbrev  0x000006f0      0x15f ./Generated_Code/usb_class.o
 .debug_abbrev  0x0000084f      0x13b ./Generated_Code/usb_cdc_pstn.o
 .debug_abbrev  0x0000098a      0x19d ./Generated_Code/usb_cdc.o
 .debug_abbrev  0x00000b27       0xa3 ./Generated_Code/Vectors.o
 .debug_abbrev  0x00000bca       0xd5 ./Generated_Code/USB1.o
 .debug_abbrev  0x00000c9f       0xd2 ./Generated_Code/USB0.o
 .debug_abbrev  0x00000d71       0xda ./Generated_Code/Tx1.o
 .debug_abbrev  0x00000e4b       0xda ./Generated_Code/Rx1.o
 .debug_abbrev  0x00000f25      0x137 ./Generated_Code/Cpu.o
 .debug_abbrev  0x0000105c      0x15d ./Generated_Code/CDC1.o
 .debug_abbrev  0x000011b9       0x92 ./Project_Settings/Startup_Code/__arm_start.o
 .debug_abbrev  0x0000124b       0x4c ./Project_Settings/Startup_Code/__arm_end.o
 .debug_abbrev  0x00001297       0x52 ./Sources/ProcessorExpert.o
 .debug_abbrev  0x000012e9      0x200 ./Sources/NORway.o
 .debug_abbrev  0x000014e9       0x3d ./Sources/Events.o
 .debug_abbrev  0x00001526       0x7a C:/Program Files/Freescale/CW MCU v10.5/MCU/ARM_GCC_Support/ewl/lib/armv6-m\libc.a(exit.o)
 .debug_abbrev  0x000015a0       0x95 C:/Program Files/Freescale/CW MCU v10.5/MCU/ARM_GCC_Support/ewl/lib/armv6-m\libc.a(memcpy.o)
 .debug_abbrev  0x00001635       0x62 C:/Program Files/Freescale/CW MCU v10.5/MCU/ARM_GCC_Support/ewl/lib/armv6-m\libc.a(memset.o)
 .debug_abbrev  0x00001697       0x78 C:/Program Files/Freescale/CW MCU v10.5/MCU/ARM_GCC_Support/ewl/lib/armv6-m\libc.a(__filll_mem.o)
 .debug_abbrev  0x0000170f       0x99 C:/Program Files/Freescale/CW MCU v10.5/MCU/ARM_GCC_Support/ewl/lib/armv6-m\librt.a(gcc_ctor_dtor.o)
 .debug_abbrev  0x000017a8      0x120 C:/Program Files/Freescale/CW MCU v10.5/MCU/ARM_GCC_Support/ewl/lib/armv6-m\librt.a(ROMCopy.o)
 .debug_abbrev  0x000018c8      0x1b3 C:/Program Files/Freescale/CW MCU v10.5/MCU/ARM_GCC_Support/ewl/lib/armv6-m\librt.a(__arm_eabi_init.o)

.debug_loc      0x00000000     0x2af7
 .debug_loc     0x00000000       0x2c ./Generated_Code/wdt_kinetis.o
 .debug_loc     0x0000002c      0x348 ./Generated_Code/usb_framework.o
 .debug_loc     0x00000374      0x25c ./Generated_Code/usb_driver.o
 .debug_loc     0x000005d0      0x2d8 ./Generated_Code/usb_descriptor.o
 .debug_loc     0x000008a8      0x480 ./Generated_Code/usb_dci_kinetis.o
 .debug_loc     0x00000d28      0x224 ./Generated_Code/usb_class.o
 .debug_loc     0x00000f4c      0x1c0 ./Generated_Code/usb_cdc_pstn.o
 .debug_loc     0x0000110c      0x1c0 ./Generated_Code/usb_cdc.o
 .debug_loc     0x000012cc       0x90 ./Generated_Code/USB1.o
 .debug_loc     0x0000135c       0x2c ./Generated_Code/USB0.o
 .debug_loc     0x00001388       0xf4 ./Generated_Code/Tx1.o
 .debug_loc     0x0000147c       0xf4 ./Generated_Code/Rx1.o
 .debug_loc     0x00001570      0x814 ./Generated_Code/Cpu.o
 .debug_loc     0x00001d84      0x1c0 ./Generated_Code/CDC1.o
 .debug_loc     0x00001f44       0x2c ./Project_Settings/Startup_Code/__arm_start.o
 .debug_loc     0x00001f70       0x38 ./Project_Settings/Startup_Code/__arm_end.o
 .debug_loc     0x00001fa8       0x58 ./Sources/ProcessorExpert.o
 .debug_loc     0x00002000      0x56e ./Sources/NORway.o
 .debug_loc     0x0000256e       0x2c ./Sources/Events.o
 .debug_loc     0x0000259a       0x3e C:/Program Files/Freescale/CW MCU v10.5/MCU/ARM_GCC_Support/ewl/lib/armv6-m\libc.a(exit.o)
 .debug_loc     0x000025d8       0x59 C:/Program Files/Freescale/CW MCU v10.5/MCU/ARM_GCC_Support/ewl/lib/armv6-m\libc.a(memcpy.o)
 .debug_loc     0x00002631       0x6f C:/Program Files/Freescale/CW MCU v10.5/MCU/ARM_GCC_Support/ewl/lib/armv6-m\libc.a(memset.o)
 .debug_loc     0x000026a0      0x14a C:/Program Files/Freescale/CW MCU v10.5/MCU/ARM_GCC_Support/ewl/lib/armv6-m\libc.a(__filll_mem.o)
 .debug_loc     0x000027ea       0x9d C:/Program Files/Freescale/CW MCU v10.5/MCU/ARM_GCC_Support/ewl/lib/armv6-m\librt.a(gcc_ctor_dtor.o)
 .debug_loc     0x00002887       0xd9 C:/Program Files/Freescale/CW MCU v10.5/MCU/ARM_GCC_Support/ewl/lib/armv6-m\librt.a(ROMCopy.o)
 .debug_loc     0x00002960      0x197 C:/Program Files/Freescale/CW MCU v10.5/MCU/ARM_GCC_Support/ewl/lib/armv6-m\librt.a(__arm_eabi_init.o)

.debug_aranges  0x00000000      0x8f8
 .debug_aranges
                0x00000000       0x20 ./Generated_Code/wdt_kinetis.o
 .debug_aranges
                0x00000020       0x90 ./Generated_Code/usb_framework.o
 .debug_aranges
                0x000000b0       0x70 ./Generated_Code/usb_driver.o
 .debug_aranges
                0x00000120       0x80 ./Generated_Code/usb_descriptor.o
 .debug_aranges
                0x000001a0       0xc0 ./Generated_Code/usb_dci_kinetis.o
 .debug_aranges
                0x00000260       0x68 ./Generated_Code/usb_class.o
 .debug_aranges
                0x000002c8       0x58 ./Generated_Code/usb_cdc_pstn.o
 .debug_aranges
                0x00000320       0x58 ./Generated_Code/usb_cdc.o
 .debug_aranges
                0x00000378       0x18 ./Generated_Code/Vectors.o
 .debug_aranges
                0x00000390       0x30 ./Generated_Code/USB1.o
 .debug_aranges
                0x000003c0       0x20 ./Generated_Code/USB0.o
 .debug_aranges
                0x000003e0       0x40 ./Generated_Code/Tx1.o
 .debug_aranges
                0x00000420       0x40 ./Generated_Code/Rx1.o
 .debug_aranges
                0x00000460      0x190 ./Generated_Code/Cpu.o
 .debug_aranges
                0x000005f0       0x58 ./Generated_Code/CDC1.o
 .debug_aranges
                0x00000648       0x30 ./Project_Settings/Startup_Code/__arm_start.o
 .debug_aranges
                0x00000678       0x20 ./Project_Settings/Startup_Code/__arm_end.o
 .debug_aranges
                0x00000698       0x28 ./Sources/ProcessorExpert.o
 .debug_aranges
                0x000006c0       0xe8 ./Sources/NORway.o
 .debug_aranges
                0x000007a8       0x20 ./Sources/Events.o
 .debug_aranges
                0x000007c8       0x20 C:/Program Files/Freescale/CW MCU v10.5/MCU/ARM_GCC_Support/ewl/lib/armv6-m\libc.a(exit.o)
 .debug_aranges
                0x000007e8       0x20 C:/Program Files/Freescale/CW MCU v10.5/MCU/ARM_GCC_Support/ewl/lib/armv6-m\libc.a(memcpy.o)
 .debug_aranges
                0x00000808       0x20 C:/Program Files/Freescale/CW MCU v10.5/MCU/ARM_GCC_Support/ewl/lib/armv6-m\libc.a(memset.o)
 .debug_aranges
                0x00000828       0x20 C:/Program Files/Freescale/CW MCU v10.5/MCU/ARM_GCC_Support/ewl/lib/armv6-m\libc.a(__filll_mem.o)
 .debug_aranges
                0x00000848       0x28 C:/Program Files/Freescale/CW MCU v10.5/MCU/ARM_GCC_Support/ewl/lib/armv6-m\librt.a(gcc_ctor_dtor.o)
 .debug_aranges
                0x00000870       0x30 C:/Program Files/Freescale/CW MCU v10.5/MCU/ARM_GCC_Support/ewl/lib/armv6-m\librt.a(ROMCopy.o)
 .debug_aranges
                0x000008a0       0x58 C:/Program Files/Freescale/CW MCU v10.5/MCU/ARM_GCC_Support/ewl/lib/armv6-m\librt.a(__arm_eabi_init.o)

.debug_macinfo  0x00000000   0x356eb1
 .debug_macinfo
                0x00000000    0x2e00f ./Generated_Code/wdt_kinetis.o
 .debug_macinfo
                0x0002e00f    0x306dc ./Generated_Code/usb_framework.o
 .debug_macinfo
                0x0005e6eb    0x2fd7a ./Generated_Code/usb_driver.o
 .debug_macinfo
                0x0008e465    0x30350 ./Generated_Code/usb_descriptor.o
 .debug_macinfo
                0x000be7b5    0x2fd62 ./Generated_Code/usb_dci_kinetis.o
 .debug_macinfo
                0x000ee517    0x30680 ./Generated_Code/usb_class.o
 .debug_macinfo
                0x0011eb97    0x30bd5 ./Generated_Code/usb_cdc_pstn.o
 .debug_macinfo
                0x0014f76c    0x30bd5 ./Generated_Code/usb_cdc.o
 .debug_macinfo
                0x00180341    0x2e1ab ./Generated_Code/Vectors.o
 .debug_macinfo
                0x001ae4ec    0x2e3d3 ./Generated_Code/USB1.o
 .debug_macinfo
                0x001dc8bf    0x2dc54 ./Generated_Code/USB0.o
 .debug_macinfo
                0x0020a513    0x2dc3e ./Generated_Code/Tx1.o
 .debug_macinfo
                0x00238151    0x2dc3e ./Generated_Code/Rx1.o
 .debug_macinfo
                0x00265d8f    0x2e1b0 ./Generated_Code/Cpu.o
 .debug_macinfo
                0x00293f3f    0x313fc ./Generated_Code/CDC1.o
 .debug_macinfo
                0x002c533b     0x3e6d ./Project_Settings/Startup_Code/__arm_start.o
 .debug_macinfo
                0x002c91a8     0x3456 ./Project_Settings/Startup_Code/__arm_end.o
 .debug_macinfo
                0x002cc5fe    0x2e1c1 ./Sources/ProcessorExpert.o
 .debug_macinfo
                0x002fa7bf    0x2e546 ./Sources/NORway.o
 .debug_macinfo
                0x00328d05    0x2e1ac ./Sources/Events.o

.debug_line     0x00000000     0x4e2a
 .debug_line    0x00000000      0x258 ./Generated_Code/wdt_kinetis.o
 .debug_line    0x00000258      0x490 ./Generated_Code/usb_framework.o
 .debug_line    0x000006e8      0x3b3 ./Generated_Code/usb_driver.o
 .debug_line    0x00000a9b      0x3d2 ./Generated_Code/usb_descriptor.o
 .debug_line    0x00000e6d      0x61d ./Generated_Code/usb_dci_kinetis.o
 .debug_line    0x0000148a      0x395 ./Generated_Code/usb_class.o
 .debug_line    0x0000181f      0x362 ./Generated_Code/usb_cdc_pstn.o
 .debug_line    0x00001b81      0x404 ./Generated_Code/usb_cdc.o
 .debug_line    0x00001f85      0x320 ./Generated_Code/Vectors.o
 .debug_line    0x000022a5      0x297 ./Generated_Code/USB1.o
 .debug_line    0x0000253c      0x20d ./Generated_Code/USB0.o
 .debug_line    0x00002749      0x24c ./Generated_Code/Tx1.o
 .debug_line    0x00002995      0x24c ./Generated_Code/Rx1.o
 .debug_line    0x00002be1      0x69d ./Generated_Code/Cpu.o
 .debug_line    0x0000327e      0x465 ./Generated_Code/CDC1.o
 .debug_line    0x000036e3      0x2b4 ./Project_Settings/Startup_Code/__arm_start.o
 .debug_line    0x00003997      0x29e ./Project_Settings/Startup_Code/__arm_end.o
 .debug_line    0x00003c35      0x2bc ./Sources/ProcessorExpert.o
 .debug_line    0x00003ef1      0x7c9 ./Sources/NORway.o
 .debug_line    0x000046ba      0x292 ./Sources/Events.o
 .debug_line    0x0000494c       0x8d C:/Program Files/Freescale/CW MCU v10.5/MCU/ARM_GCC_Support/ewl/lib/armv6-m\libc.a(exit.o)
 .debug_line    0x000049d9       0x8b C:/Program Files/Freescale/CW MCU v10.5/MCU/ARM_GCC_Support/ewl/lib/armv6-m\libc.a(memcpy.o)
 .debug_line    0x00004a64       0x90 C:/Program Files/Freescale/CW MCU v10.5/MCU/ARM_GCC_Support/ewl/lib/armv6-m\libc.a(memset.o)
 .debug_line    0x00004af4       0xf6 C:/Program Files/Freescale/CW MCU v10.5/MCU/ARM_GCC_Support/ewl/lib/armv6-m\libc.a(__filll_mem.o)
 .debug_line    0x00004bea       0x6c C:/Program Files/Freescale/CW MCU v10.5/MCU/ARM_GCC_Support/ewl/lib/armv6-m\librt.a(gcc_ctor_dtor.o)
 .debug_line    0x00004c56       0xbd C:/Program Files/Freescale/CW MCU v10.5/MCU/ARM_GCC_Support/ewl/lib/armv6-m\librt.a(ROMCopy.o)
 .debug_line    0x00004d13      0x117 C:/Program Files/Freescale/CW MCU v10.5/MCU/ARM_GCC_Support/ewl/lib/armv6-m\librt.a(__arm_eabi_init.o)

.debug_str      0x00000000     0x24cc
 .debug_str     0x00000000      0x14e ./Generated_Code/wdt_kinetis.o
                                0x187 (size before relaxing)
 .debug_str     0x0000014e      0x362 ./Generated_Code/usb_framework.o
                                0x504 (size before relaxing)
 .debug_str     0x000004b0      0x22b ./Generated_Code/usb_driver.o
                                0x3ff (size before relaxing)
 .debug_str     0x000006db      0x34b ./Generated_Code/usb_descriptor.o
                                0x537 (size before relaxing)
 .debug_str     0x00000a26      0x6db ./Generated_Code/usb_dci_kinetis.o
                                0x987 (size before relaxing)
 .debug_str     0x00001101      0x110 ./Generated_Code/usb_class.o
                                0x397 (size before relaxing)
 .debug_str     0x00001211      0x20b ./Generated_Code/usb_cdc_pstn.o
                                0x406 (size before relaxing)
 .debug_str     0x0000141c      0x23a ./Generated_Code/usb_cdc.o
                                0x528 (size before relaxing)
 .debug_str     0x00001656       0x55 ./Generated_Code/Vectors.o
                                0x176 (size before relaxing)
 .debug_str     0x000016ab       0x73 ./Generated_Code/USB1.o
                                0x1cd (size before relaxing)
 .debug_str     0x0000171e       0x30 ./Generated_Code/USB0.o
                                0x3f4 (size before relaxing)
 .debug_str     0x0000174e       0x95 ./Generated_Code/Tx1.o
                                0x1b2 (size before relaxing)
 .debug_str     0x000017e3       0x80 ./Generated_Code/Rx1.o
                                0x1b2 (size before relaxing)
 .debug_str     0x00001863      0x467 ./Generated_Code/Cpu.o
                                0x710 (size before relaxing)
 .debug_str     0x00001cca      0x10e ./Generated_Code/CDC1.o
                                0x2a8 (size before relaxing)
 .debug_str     0x00001dd8       0x85 ./Project_Settings/Startup_Code/__arm_start.o
                                0x197 (size before relaxing)
 .debug_str     0x00001e5d       0x3a ./Project_Settings/Startup_Code/__arm_end.o
                                 0xce (size before relaxing)
 .debug_str     0x00001e97       0x2a ./Sources/ProcessorExpert.o
                                0x142 (size before relaxing)
 .debug_str     0x00001ec1      0x286 ./Sources/NORway.o
                                0x4fe (size before relaxing)
 .debug_str     0x00002147       0x21 ./Sources/Events.o
                                0x139 (size before relaxing)
 .debug_str     0x00002168       0x5a C:/Program Files/Freescale/CW MCU v10.5/MCU/ARM_GCC_Support/ewl/lib/armv6-m\libc.a(exit.o)
                                0x157 (size before relaxing)
 .debug_str     0x000021c2       0x1c C:/Program Files/Freescale/CW MCU v10.5/MCU/ARM_GCC_Support/ewl/lib/armv6-m\libc.a(memcpy.o)
                                0x138 (size before relaxing)
 .debug_str     0x000021de       0x1c C:/Program Files/Freescale/CW MCU v10.5/MCU/ARM_GCC_Support/ewl/lib/armv6-m\libc.a(memset.o)
                                0x140 (size before relaxing)
 .debug_str     0x000021fa       0x2d C:/Program Files/Freescale/CW MCU v10.5/MCU/ARM_GCC_Support/ewl/lib/armv6-m\libc.a(__filll_mem.o)
                                0x152 (size before relaxing)
 .debug_str     0x00002227      0x126 C:/Program Files/Freescale/CW MCU v10.5/MCU/ARM_GCC_Support/ewl/lib/armv6-m\librt.a(gcc_ctor_dtor.o)
                                0x181 (size before relaxing)
 .debug_str     0x0000234d       0x96 C:/Program Files/Freescale/CW MCU v10.5/MCU/ARM_GCC_Support/ewl/lib/armv6-m\librt.a(ROMCopy.o)
                                0x13c (size before relaxing)
 .debug_str     0x000023e3       0xe9 C:/Program Files/Freescale/CW MCU v10.5/MCU/ARM_GCC_Support/ewl/lib/armv6-m\librt.a(__arm_eabi_init.o)
                                0x1b5 (size before relaxing)

.comment        0x00000000       0x79
 .comment       0x00000000       0x79 ./Generated_Code/wdt_kinetis.o
                                 0x7a (size before relaxing)
 .comment       0x00000000       0x7a ./Generated_Code/usb_framework.o
 .comment       0x00000000       0x7a ./Generated_Code/usb_driver.o
 .comment       0x00000000       0x7a ./Generated_Code/usb_descriptor.o
 .comment       0x00000000       0x7a ./Generated_Code/usb_dci_kinetis.o
 .comment       0x00000000       0x7a ./Generated_Code/usb_class.o
 .comment       0x00000000       0x7a ./Generated_Code/usb_cdc_pstn.o
 .comment       0x00000000       0x7a ./Generated_Code/usb_cdc.o
 .comment       0x00000000       0x7a ./Generated_Code/Vectors.o
 .comment       0x00000000       0x7a ./Generated_Code/USB1.o
 .comment       0x00000000       0x7a ./Generated_Code/USB0.o
 .comment       0x00000000       0x7a ./Generated_Code/Tx1.o
 .comment       0x00000000       0x7a ./Generated_Code/Rx1.o
 .comment       0x00000000       0x7a ./Generated_Code/Cpu.o
 .comment       0x00000000       0x7a ./Generated_Code/CDC1.o
 .comment       0x00000000       0x7a ./Project_Settings/Startup_Code/__arm_start.o
 .comment       0x00000000       0x7a ./Project_Settings/Startup_Code/__arm_end.o
 .comment       0x00000000       0x7a ./Sources/ProcessorExpert.o
 .comment       0x00000000       0x7a ./Sources/NORway.o
 .comment       0x00000000       0x7a ./Sources/Events.o
 .comment       0x00000000       0x7a C:/Program Files/Freescale/CW MCU v10.5/MCU/ARM_GCC_Support/ewl/lib/armv6-m\libc.a(exit.o)
 .comment       0x00000000       0x7a C:/Program Files/Freescale/CW MCU v10.5/MCU/ARM_GCC_Support/ewl/lib/armv6-m\libc.a(memcpy.o)
 .comment       0x00000000       0x7a C:/Program Files/Freescale/CW MCU v10.5/MCU/ARM_GCC_Support/ewl/lib/armv6-m\libc.a(memset.o)
 .comment       0x00000000       0x7a C:/Program Files/Freescale/CW MCU v10.5/MCU/ARM_GCC_Support/ewl/lib/armv6-m\libc.a(__filll_mem.o)
 .comment       0x00000000       0x7a C:/Program Files/Freescale/CW MCU v10.5/MCU/ARM_GCC_Support/ewl/lib/armv6-m\librt.a(gcc_ctor_dtor.o)
 .comment       0x00000000       0x7a C:/Program Files/Freescale/CW MCU v10.5/MCU/ARM_GCC_Support/ewl/lib/armv6-m\librt.a(ROMCopy.o)
 .comment       0x00000000       0x7a C:/Program Files/Freescale/CW MCU v10.5/MCU/ARM_GCC_Support/ewl/lib/armv6-m\librt.a(__arm_eabi_init.o)

.debug_frame    0x00000000     0x19c0
 .debug_frame   0x00000000       0x2c ./Generated_Code/wdt_kinetis.o
 .debug_frame   0x0000002c      0x1f8 ./Generated_Code/usb_framework.o
 .debug_frame   0x00000224      0x16c ./Generated_Code/usb_driver.o
 .debug_frame   0x00000390      0x1b0 ./Generated_Code/usb_descriptor.o
 .debug_frame   0x00000540      0x2a8 ./Generated_Code/usb_dci_kinetis.o
 .debug_frame   0x000007e8      0x150 ./Generated_Code/usb_class.o
 .debug_frame   0x00000938      0x110 ./Generated_Code/usb_cdc_pstn.o
 .debug_frame   0x00000a48      0x118 ./Generated_Code/usb_cdc.o
 .debug_frame   0x00000b60       0x68 ./Generated_Code/USB1.o
 .debug_frame   0x00000bc8       0x2c ./Generated_Code/USB0.o
 .debug_frame   0x00000bf4       0xa4 ./Generated_Code/Tx1.o
 .debug_frame   0x00000c98       0xa4 ./Generated_Code/Rx1.o
 .debug_frame   0x00000d3c      0x534 ./Generated_Code/Cpu.o
 .debug_frame   0x00001270      0x110 ./Generated_Code/CDC1.o
 .debug_frame   0x00001380       0x4c ./Project_Settings/Startup_Code/__arm_start.o
 .debug_frame   0x000013cc       0x30 ./Project_Settings/Startup_Code/__arm_end.o
 .debug_frame   0x000013fc       0x48 ./Sources/ProcessorExpert.o
 .debug_frame   0x00001444      0x338 ./Sources/NORway.o
 .debug_frame   0x0000177c       0x2c ./Sources/Events.o
 .debug_frame   0x000017a8       0x2c C:/Program Files/Freescale/CW MCU v10.5/MCU/ARM_GCC_Support/ewl/lib/armv6-m\libc.a(exit.o)
 .debug_frame   0x000017d4       0x28 C:/Program Files/Freescale/CW MCU v10.5/MCU/ARM_GCC_Support/ewl/lib/armv6-m\libc.a(memcpy.o)
 .debug_frame   0x000017fc       0x28 C:/Program Files/Freescale/CW MCU v10.5/MCU/ARM_GCC_Support/ewl/lib/armv6-m\libc.a(memset.o)
 .debug_frame   0x00001824       0x2c C:/Program Files/Freescale/CW MCU v10.5/MCU/ARM_GCC_Support/ewl/lib/armv6-m\libc.a(__filll_mem.o)
 .debug_frame   0x00001850       0x20 c:/program files/freescale/cw mcu v10.5/cross_tools/arm-none-eabi-gcc-4_7_3/bin/../lib/gcc/arm-none-eabi/4.7.3/armv6-m\libgcc.a(_udivsi3.o)
 .debug_frame   0x00001870       0x40 C:/Program Files/Freescale/CW MCU v10.5/MCU/ARM_GCC_Support/ewl/lib/armv6-m\librt.a(gcc_ctor_dtor.o)
 .debug_frame   0x000018b0       0x54 C:/Program Files/Freescale/CW MCU v10.5/MCU/ARM_GCC_Support/ewl/lib/armv6-m\librt.a(ROMCopy.o)
 .debug_frame   0x00001904       0xbc C:/Program Files/Freescale/CW MCU v10.5/MCU/ARM_GCC_Support/ewl/lib/armv6-m\librt.a(__arm_eabi_init.o)
